[2026-05-23T12:29:30+00:00] ============================================================
[2026-05-23T12:29:30+00:00] Automated daily runner started
[2026-05-23T12:29:30+00:00] Capital env=demo
[2026-05-23T12:29:31+00:00] Logged in. account_id=321896722115941534 currency=EUR
[2026-05-23T12:29:31+00:00] Account snapshot: bal=91000.00 EURd avail=91000.00 pl=+0.00
[2026-05-23T12:29:31+00:00] Fetching fresh daily candles from Capital.com...
[2026-05-23T12:29:32+00:00]   BOOTSTRAP: created eurusd-m5-bid-2019-01-01-2026-01-01.csv with 200 bars
[2026-05-23T12:29:32+00:00]   EURUSD (EURUSD): fetched 200 bars, appended 200
[2026-05-23T12:29:33+00:00]   BOOTSTRAP: created gbpusd-m5-bid-2019-01-01-2026-01-01.csv with 200 bars
[2026-05-23T12:29:33+00:00]   GBPUSD (GBPUSD): fetched 200 bars, appended 200
[2026-05-23T12:29:34+00:00]   BOOTSTRAP: created usdjpy-m5-bid-2019-01-01-2026-01-01.csv with 200 bars
[2026-05-23T12:29:34+00:00]   USDJPY (USDJPY): fetched 200 bars, appended 200
[2026-05-23T12:29:35+00:00]   BOOTSTRAP: created audusd-m5-bid-2019-01-01-2026-01-01.csv with 200 bars
[2026-05-23T12:29:35+00:00]   AUDUSD (AUDUSD): fetched 200 bars, appended 200
[2026-05-23T12:29:35+00:00]   BOOTSTRAP: created nzdusd-m5-bid-2019-01-01-2026-01-01.csv with 200 bars
[2026-05-23T12:29:35+00:00]   NZDUSD (NZDUSD): fetched 200 bars, appended 200
[2026-05-23T12:29:36+00:00]   BOOTSTRAP: created usdcad-m5-bid-2019-01-01-2026-01-01.csv with 200 bars
[2026-05-23T12:29:36+00:00]   USDCAD (USDCAD): fetched 200 bars, appended 200
[2026-05-23T12:29:37+00:00] Updated 6/6 pair CSVs
[2026-05-23T12:29:37+00:00] STEP: signal_generator → /opt/hostedtoolcache/Python/3.12.13/x64/bin/python propfirm_signal_generator.py --adaptive
[2026-05-23T12:29:37+00:00]   | WARN: H1 spec H1_NASDAQ_TREND unavailable (empty H1 prices for usatechidxusd); skipping
[2026-05-23T12:29:37+00:00]   | WARN: H1 spec H1_CHFJPY_BREAK unavailable (empty H1 prices for chfjpy); skipping
[2026-05-23T12:29:37+00:00]   | WARN: H1 spec H1_DOW_TSM unavailable (empty H1 prices for usa30idxusd); skipping
[2026-05-23T12:29:37+00:00]   | WARN: composite H1_MULTI missing members ['H1_NASDAQ_TREND', 'H1_CHFJPY_BREAK', 'H1_DOW_TSM']; skipping
[2026-05-23T12:29:37+00:00]   | WARN: composite HYBRID_FX_H1 missing members ['H1_MULTI']; skipping
[2026-05-23T12:29:37+00:00]   | WARNING: TRADING_ECONOMICS_KEY not configured; using hardcoded fallback.
[2026-05-23T12:29:37+00:00]   | As of: 2026-05-22
[2026-05-23T12:29:37+00:00]   | Accounts: 8
[2026-05-23T12:29:37+00:00]   | Orders (target): 39
[2026-05-23T12:29:37+00:00]   | Delta orders (execute): 39
[2026-05-23T12:29:37+00:00]   | Total target gross: $3149362
[2026-05-23T12:29:37+00:00]   | Total delta gross : $3149362
[2026-05-23T12:29:37+00:00]   | Wrote: /home/runner/work/sabo-quant-prod/sabo-quant-prod/sabo_lit/sandbox/live/prop_signals_2026-05-22.json
[2026-05-23T12:29:37+00:00]   | Wrote: /home/runner/work/sabo-quant-prod/sabo-quant-prod/sabo_lit/sandbox/live/prop_orders_2026-05-22.csv
[2026-05-23T12:29:37+00:00]   | Wrote: /home/runner/work/sabo-quant-prod/sabo-quant-prod/sabo_lit/sandbox/live/prop_signals_2026-05-22.md
[2026-05-23T12:29:37+00:00]   | Wrote: /home/runner/work/sabo-quant-prod/sabo-quant-prod/sabo_lit/sandbox/live/prop_delta_orders_2026-05-22.csv
[2026-05-23T12:29:37+00:00] STEP: capital_executor → /opt/hostedtoolcache/Python/3.12.13/x64/bin/python capital_connector.py --execute /home/runner/work/sabo-quant-prod/sabo-quant-prod/sabo_lit/sandbox/live/prop_delta_orders_latest.csv --min-notional 500 --reset
[2026-05-23T12:30:18+00:00]   |   ORDER USDJPY SELL size=52663.74 (delta_usd $-52664 @ 159.19600)
[2026-05-23T12:30:18+00:00]   |     ERROR: 400: {"errorCode":"Rejected. USDJPY is currently closed. Timetable in place: UTC; Mon - 20:59:50, 21:05 -; Tue - 20:59:50, 21:05 -; Wed - 20:59:50, 21:05 -; Thu - 20:59:50, 21:05 -; Fri - 20:59:50; Sun 21:00 -."}
[2026-05-23T12:30:18+00:00]   |   ORDER AUDUSD BUY size=73899.5 (delta_usd $+52664 @ 0.71264)
[2026-05-23T12:30:18+00:00]   |     ERROR: 400: {"errorCode":"Rejected. AUDUSD is currently closed. Timetable in place: UTC; Mon - 20:59:50, 21:05 -; Tue - 20:59:50, 21:05 -; Wed - 20:59:50, 21:05 -; Thu - 20:59:50, 21:05 -; Fri - 20:59:50; Sun 21:00 -."}
[2026-05-23T12:30:18+00:00]   |   ORDER NZDUSD BUY size=90045.81 (delta_usd $+52664 @ 0.58486)
[2026-05-23T12:30:18+00:00]   |     ERROR: 400: {"errorCode":"Rejected. NZDUSD is currently closed. Timetable in place: UTC; Mon - 20:59:50, 21:05 -; Tue - 20:59:50, 21:05 -; Wed - 20:59:50, 21:05 -; Thu - 20:59:50, 21:05 -; Fri - 20:59:50; Sun 21:00 -."}
[2026-05-23T12:30:18+00:00]   |   ORDER USDCAD SELL size=52663.74 (delta_usd $-52664 @ 1.38206)
[2026-05-23T12:30:18+00:00]   |     ERROR: 400: {"errorCode":"Rejected. USDCAD is currently closed. Timetable in place: UTC; Mon - 20:59:50, 21:05 -; Tue - 20:59:50, 21:05 -; Wed - 20:59:50, 21:05 -; Thu - 20:59:50, 21:05 -; Fri - 20:59:50; Sun 21:00 -."}
[2026-05-23T12:30:18+00:00]   |   ORDER GBPUSD SELL size=62766.54 (delta_usd $-84310 @ 1.34323)
[2026-05-23T12:30:18+00:00]   |     ERROR: 400: {"errorCode":"Rejected. GBPUSD is currently closed. Timetable in place: UTC; Mon - 20:59:50, 21:05 -; Tue - 20:59:50, 21:05 -; Wed - 20:59:50, 21:05 -; Thu - 20:59:50, 21:05 -; Fri - 20:59:50; Sun 21:00 -."}
[2026-05-23T12:30:18+00:00]   |   ORDER USDJPY SELL size=84309.9 (delta_usd $-84310 @ 159.19600)
[2026-05-23T12:30:18+00:00]   |     ERROR: 400: {"errorCode":"Rejected. USDJPY is currently closed. Timetable in place: UTC; Mon - 20:59:50, 21:05 -; Tue - 20:59:50, 21:05 -; Wed - 20:59:50, 21:05 -; Thu - 20:59:50, 21:05 -; Fri - 20:59:50; Sun 21:00 -."}
[2026-05-23T12:30:18+00:00]   |   ORDER AUDUSD BUY size=118306.44 (delta_usd $+84310 @ 0.71264)
[2026-05-23T12:30:18+00:00]   |     ERROR: 400: {"errorCode":"Rejected. AUDUSD is currently closed. Timetable in place: UTC; Mon - 20:59:50, 21:05 -; Tue - 20:59:50, 21:05 -; Wed - 20:59:50, 21:05 -; Thu - 20:59:50, 21:05 -; Fri - 20:59:50; Sun 21:00 -."}
[2026-05-23T12:30:18+00:00]   |   ORDER NZDUSD BUY size=144155.22 (delta_usd $+84310 @ 0.58486)
[2026-05-23T12:30:18+00:00]   |     ERROR: 400: {"errorCode":"Rejected. NZDUSD is currently closed. Timetable in place: UTC; Mon - 20:59:50, 21:05 -; Tue - 20:59:50, 21:05 -; Wed - 20:59:50, 21:05 -; Thu - 20:59:50, 21:05 -; Fri - 20:59:50; Sun 21:00 -."}
[2026-05-23T12:30:18+00:00]   |   ORDER USDCAD SELL size=84309.9 (delta_usd $-84310 @ 1.38206)
[2026-05-23T12:30:18+00:00]   |     ERROR: 400: {"errorCode":"Rejected. USDCAD is currently closed. Timetable in place: UTC; Mon - 20:59:50, 21:05 -; Tue - 20:59:50, 21:05 -; Wed - 20:59:50, 21:05 -; Thu - 20:59:50, 21:05 -; Fri - 20:59:50; Sun 21:00 -."}
[2026-05-23T12:30:18+00:00]   | 
[2026-05-23T12:30:18+00:00]   | Executed 39 orders. Log: /home/runner/work/sabo-quant-prod/sabo-quant-prod/sabo_lit/sandbox/live/capital_executions.jsonl
[2026-05-23T12:30:18+00:00] STEP: live_tracker_refresh → /opt/hostedtoolcache/Python/3.12.13/x64/bin/python live_tracker.py
[2026-05-23T12:30:18+00:00]   | Trades logged so far: 1
[2026-05-23T12:30:18+00:00]   | Daily P&L logged so far: 2
[2026-05-23T12:30:18+00:00]   | Active alerts: 0
[2026-05-23T12:30:18+00:00]   | Dashboard: /home/runner/work/sabo-quant-prod/sabo-quant-prod/sabo_lit/sandbox/live/tracker_dashboard.md
[2026-05-23T12:30:18+00:00]   | Alerts JSON: /home/runner/work/sabo-quant-prod/sabo-quant-prod/sabo_lit/sandbox/live/tracker_alerts.json
[2026-05-23T12:30:18+00:00] Account snapshot: bal=91000.00 EURd avail=91000.00 pl=+0.00
[2026-05-23T12:30:18+00:00] Automated daily runner completed successfully
[2026-05-23T12:30:18+00:00] ============================================================
[2026-05-23T12:53:00+00:00] ============================================================
[2026-05-23T12:53:00+00:00] Automated daily runner started
[2026-05-23T12:53:00+00:00] Capital env=demo
[2026-05-23T12:53:01+00:00] Logged in. account_id=321896722115941534 currency=EUR
[2026-05-23T12:53:01+00:00] Account snapshot: bal=91000.00 EURd avail=91000.00 pl=+0.00
[2026-05-23T12:53:01+00:00] Fetching fresh daily candles from Capital.com...
[2026-05-23T12:53:01+00:00]   BOOTSTRAP: created eurusd-m5-bid-2019-01-01-2026-01-01.csv with 200 bars
[2026-05-23T12:53:01+00:00]   EURUSD (EURUSD): fetched 200 bars, appended 200
[2026-05-23T12:53:02+00:00]   BOOTSTRAP: created gbpusd-m5-bid-2019-01-01-2026-01-01.csv with 200 bars
[2026-05-23T12:53:02+00:00]   GBPUSD (GBPUSD): fetched 200 bars, appended 200
[2026-05-23T12:53:03+00:00]   BOOTSTRAP: created usdjpy-m5-bid-2019-01-01-2026-01-01.csv with 200 bars
[2026-05-23T12:53:03+00:00]   USDJPY (USDJPY): fetched 200 bars, appended 200
[2026-05-23T12:53:04+00:00]   BOOTSTRAP: created audusd-m5-bid-2019-01-01-2026-01-01.csv with 200 bars
[2026-05-23T12:53:04+00:00]   AUDUSD (AUDUSD): fetched 200 bars, appended 200
[2026-05-23T12:53:04+00:00]   BOOTSTRAP: created nzdusd-m5-bid-2019-01-01-2026-01-01.csv with 200 bars
[2026-05-23T12:53:04+00:00]   NZDUSD (NZDUSD): fetched 200 bars, appended 200
[2026-05-23T12:53:05+00:00]   BOOTSTRAP: created usdcad-m5-bid-2019-01-01-2026-01-01.csv with 200 bars
[2026-05-23T12:53:05+00:00]   USDCAD (USDCAD): fetched 200 bars, appended 200
[2026-05-23T12:53:05+00:00] Updated 6/6 pair CSVs
[2026-05-23T12:53:05+00:00] STEP: signal_generator → /opt/hostedtoolcache/Python/3.12.13/x64/bin/python propfirm_signal_generator.py --adaptive
[2026-05-23T12:53:06+00:00]   | WARN: H1 spec H1_NASDAQ_TREND unavailable (empty H1 prices for usatechidxusd); skipping
[2026-05-23T12:53:06+00:00]   | WARN: H1 spec H1_CHFJPY_BREAK unavailable (empty H1 prices for chfjpy); skipping
[2026-05-23T12:53:06+00:00]   | WARN: H1 spec H1_DOW_TSM unavailable (empty H1 prices for usa30idxusd); skipping
[2026-05-23T12:53:06+00:00]   | WARN: composite H1_MULTI missing members ['H1_NASDAQ_TREND', 'H1_CHFJPY_BREAK', 'H1_DOW_TSM']; skipping
[2026-05-23T12:53:06+00:00]   | WARN: composite HYBRID_FX_H1 missing members ['H1_MULTI']; skipping
[2026-05-23T12:53:06+00:00]   | WARNING: TRADING_ECONOMICS_KEY not configured; using hardcoded fallback.
[2026-05-23T12:53:06+00:00]   | As of: 2026-05-22
[2026-05-23T12:53:06+00:00]   | Accounts: 8
[2026-05-23T12:53:06+00:00]   | Orders (target): 39
[2026-05-23T12:53:06+00:00]   | Delta orders (execute): 39
[2026-05-23T12:53:06+00:00]   | Total target gross: $3149362
[2026-05-23T12:53:06+00:00]   | Total delta gross : $3149362
[2026-05-23T12:53:06+00:00]   | Wrote: /home/runner/work/sabo-quant-prod/sabo-quant-prod/sabo_lit/sandbox/live/prop_signals_2026-05-22.json
[2026-05-23T12:53:06+00:00]   | Wrote: /home/runner/work/sabo-quant-prod/sabo-quant-prod/sabo_lit/sandbox/live/prop_orders_2026-05-22.csv
[2026-05-23T12:53:06+00:00]   | Wrote: /home/runner/work/sabo-quant-prod/sabo-quant-prod/sabo_lit/sandbox/live/prop_signals_2026-05-22.md
[2026-05-23T12:53:06+00:00]   | Wrote: /home/runner/work/sabo-quant-prod/sabo-quant-prod/sabo_lit/sandbox/live/prop_delta_orders_2026-05-22.csv
[2026-05-23T12:53:06+00:00] STEP: capital_executor → /opt/hostedtoolcache/Python/3.12.13/x64/bin/python capital_connector.py --execute /home/runner/work/sabo-quant-prod/sabo-quant-prod/sabo_lit/sandbox/live/prop_delta_orders_latest.csv --min-notional 500 --reset
[2026-05-23T12:53:43+00:00]   |   ORDER USDJPY SELL size=52663.74 (delta_usd $-52664 @ 159.19600)
[2026-05-23T12:53:43+00:00]   |     ERROR: 400: {"errorCode":"Rejected. USDJPY is currently closed. Timetable in place: UTC; Mon - 20:59:50, 21:05 -; Tue - 20:59:50, 21:05 -; Wed - 20:59:50, 21:05 -; Thu - 20:59:50, 21:05 -; Fri - 20:59:50; Sun 21:00 -."}
[2026-05-23T12:53:43+00:00]   |   ORDER AUDUSD BUY size=73899.5 (delta_usd $+52664 @ 0.71264)
[2026-05-23T12:53:43+00:00]   |     ERROR: 400: {"errorCode":"Rejected. AUDUSD is currently closed. Timetable in place: UTC; Mon - 20:59:50, 21:05 -; Tue - 20:59:50, 21:05 -; Wed - 20:59:50, 21:05 -; Thu - 20:59:50, 21:05 -; Fri - 20:59:50; Sun 21:00 -."}
[2026-05-23T12:53:43+00:00]   |   ORDER NZDUSD BUY size=90045.81 (delta_usd $+52664 @ 0.58486)
[2026-05-23T12:53:43+00:00]   |     ERROR: 400: {"errorCode":"Rejected. NZDUSD is currently closed. Timetable in place: UTC; Mon - 20:59:50, 21:05 -; Tue - 20:59:50, 21:05 -; Wed - 20:59:50, 21:05 -; Thu - 20:59:50, 21:05 -; Fri - 20:59:50; Sun 21:00 -."}
[2026-05-23T12:53:43+00:00]   |   ORDER USDCAD SELL size=52663.74 (delta_usd $-52664 @ 1.38206)
[2026-05-23T12:53:43+00:00]   |     ERROR: 400: {"errorCode":"Rejected. USDCAD is currently closed. Timetable in place: UTC; Mon - 20:59:50, 21:05 -; Tue - 20:59:50, 21:05 -; Wed - 20:59:50, 21:05 -; Thu - 20:59:50, 21:05 -; Fri - 20:59:50; Sun 21:00 -."}
[2026-05-23T12:53:43+00:00]   |   ORDER GBPUSD SELL size=62766.54 (delta_usd $-84310 @ 1.34323)
[2026-05-23T12:53:43+00:00]   |     ERROR: 400: {"errorCode":"Rejected. GBPUSD is currently closed. Timetable in place: UTC; Mon - 20:59:50, 21:05 -; Tue - 20:59:50, 21:05 -; Wed - 20:59:50, 21:05 -; Thu - 20:59:50, 21:05 -; Fri - 20:59:50; Sun 21:00 -."}
[2026-05-23T12:53:43+00:00]   |   ORDER USDJPY SELL size=84309.9 (delta_usd $-84310 @ 159.19600)
[2026-05-23T12:53:43+00:00]   |     ERROR: 400: {"errorCode":"Rejected. USDJPY is currently closed. Timetable in place: UTC; Mon - 20:59:50, 21:05 -; Tue - 20:59:50, 21:05 -; Wed - 20:59:50, 21:05 -; Thu - 20:59:50, 21:05 -; Fri - 20:59:50; Sun 21:00 -."}
[2026-05-23T12:53:43+00:00]   |   ORDER AUDUSD BUY size=118306.44 (delta_usd $+84310 @ 0.71264)
[2026-05-23T12:53:43+00:00]   |     ERROR: 400: {"errorCode":"Rejected. AUDUSD is currently closed. Timetable in place: UTC; Mon - 20:59:50, 21:05 -; Tue - 20:59:50, 21:05 -; Wed - 20:59:50, 21:05 -; Thu - 20:59:50, 21:05 -; Fri - 20:59:50; Sun 21:00 -."}
[2026-05-23T12:53:43+00:00]   |   ORDER NZDUSD BUY size=144155.22 (delta_usd $+84310 @ 0.58486)
[2026-05-23T12:53:43+00:00]   |     ERROR: 400: {"errorCode":"Rejected. NZDUSD is currently closed. Timetable in place: UTC; Mon - 20:59:50, 21:05 -; Tue - 20:59:50, 21:05 -; Wed - 20:59:50, 21:05 -; Thu - 20:59:50, 21:05 -; Fri - 20:59:50; Sun 21:00 -."}
[2026-05-23T12:53:43+00:00]   |   ORDER USDCAD SELL size=84309.9 (delta_usd $-84310 @ 1.38206)
[2026-05-23T12:53:43+00:00]   |     ERROR: 400: {"errorCode":"Rejected. USDCAD is currently closed. Timetable in place: UTC; Mon - 20:59:50, 21:05 -; Tue - 20:59:50, 21:05 -; Wed - 20:59:50, 21:05 -; Thu - 20:59:50, 21:05 -; Fri - 20:59:50; Sun 21:00 -."}
[2026-05-23T12:53:43+00:00]   | 
[2026-05-23T12:53:43+00:00]   | Executed 39 orders. Log: /home/runner/work/sabo-quant-prod/sabo-quant-prod/sabo_lit/sandbox/live/capital_executions.jsonl
[2026-05-23T12:53:43+00:00] STEP: live_tracker_refresh → /opt/hostedtoolcache/Python/3.12.13/x64/bin/python live_tracker.py
[2026-05-23T12:53:43+00:00]   | Trades logged so far: 1
[2026-05-23T12:53:43+00:00]   | Daily P&L logged so far: 2
[2026-05-23T12:53:43+00:00]   | Active alerts: 0
[2026-05-23T12:53:43+00:00]   | Dashboard: /home/runner/work/sabo-quant-prod/sabo-quant-prod/sabo_lit/sandbox/live/tracker_dashboard.md
[2026-05-23T12:53:43+00:00]   | Alerts JSON: /home/runner/work/sabo-quant-prod/sabo-quant-prod/sabo_lit/sandbox/live/tracker_alerts.json
[2026-05-23T12:53:43+00:00] Account snapshot: bal=91000.00 EURd avail=91000.00 pl=+0.00
[2026-05-23T12:53:43+00:00] Automated daily runner completed successfully
[2026-05-23T12:53:43+00:00] ============================================================
[2026-05-23T13:01:16+00:00] ============================================================
[2026-05-23T13:01:16+00:00] Automated daily runner started
[2026-05-23T13:01:16+00:00] Capital env=demo
[2026-05-23T13:01:17+00:00] Logged in. account_id=321896722115941534 currency=EUR
[2026-05-23T13:01:17+00:00] Account snapshot: bal=91000.00 EURd avail=91000.00 pl=+0.00
[2026-05-23T13:01:17+00:00] Fetching fresh daily candles from Capital.com...
[2026-05-23T13:01:18+00:00]   BOOTSTRAP: created eurusd-m5-bid-2019-01-01-2026-01-01.csv with 200 bars
[2026-05-23T13:01:18+00:00]   EURUSD (EURUSD): fetched 200 bars, appended 200
[2026-05-23T13:01:19+00:00]   BOOTSTRAP: created gbpusd-m5-bid-2019-01-01-2026-01-01.csv with 200 bars
[2026-05-23T13:01:19+00:00]   GBPUSD (GBPUSD): fetched 200 bars, appended 200
[2026-05-23T13:01:20+00:00]   BOOTSTRAP: created usdjpy-m5-bid-2019-01-01-2026-01-01.csv with 200 bars
[2026-05-23T13:01:20+00:00]   USDJPY (USDJPY): fetched 200 bars, appended 200
[2026-05-23T13:01:21+00:00]   BOOTSTRAP: created audusd-m5-bid-2019-01-01-2026-01-01.csv with 200 bars
[2026-05-23T13:01:21+00:00]   AUDUSD (AUDUSD): fetched 200 bars, appended 200
[2026-05-23T13:01:22+00:00]   BOOTSTRAP: created nzdusd-m5-bid-2019-01-01-2026-01-01.csv with 200 bars
[2026-05-23T13:01:22+00:00]   NZDUSD (NZDUSD): fetched 200 bars, appended 200
[2026-05-23T13:01:23+00:00]   BOOTSTRAP: created usdcad-m5-bid-2019-01-01-2026-01-01.csv with 200 bars
[2026-05-23T13:01:23+00:00]   USDCAD (USDCAD): fetched 200 bars, appended 200
[2026-05-23T13:01:24+00:00] Updated 6/6 pair CSVs
[2026-05-23T13:01:24+00:00] STEP: signal_generator → /opt/hostedtoolcache/Python/3.12.13/x64/bin/python propfirm_signal_generator.py --adaptive
[2026-05-23T13:01:24+00:00]   | WARN: H1 spec H1_NASDAQ_TREND unavailable (empty H1 prices for usatechidxusd); skipping
[2026-05-23T13:01:24+00:00]   | WARN: H1 spec H1_CHFJPY_BREAK unavailable (empty H1 prices for chfjpy); skipping
[2026-05-23T13:01:24+00:00]   | WARN: H1 spec H1_DOW_TSM unavailable (empty H1 prices for usa30idxusd); skipping
[2026-05-23T13:01:24+00:00]   | WARN: composite H1_MULTI missing members ['H1_NASDAQ_TREND', 'H1_CHFJPY_BREAK', 'H1_DOW_TSM']; skipping
[2026-05-23T13:01:24+00:00]   | WARN: composite HYBRID_FX_H1 missing members ['H1_MULTI']; skipping
[2026-05-23T13:01:24+00:00]   | WARNING: TRADING_ECONOMICS_KEY not configured; using hardcoded fallback.
[2026-05-23T13:01:24+00:00]   | As of: 2026-05-22
[2026-05-23T13:01:24+00:00]   | Accounts: 8
[2026-05-23T13:01:24+00:00]   | Orders (target): 39
[2026-05-23T13:01:24+00:00]   | Delta orders (execute): 39
[2026-05-23T13:01:24+00:00]   | Total target gross: $3149362
[2026-05-23T13:01:24+00:00]   | Total delta gross : $3149362
[2026-05-23T13:01:24+00:00]   | Wrote: /home/runner/work/sabo-quant-prod/sabo-quant-prod/sabo_lit/sandbox/live/prop_signals_2026-05-22.json
[2026-05-23T13:01:24+00:00]   | Wrote: /home/runner/work/sabo-quant-prod/sabo-quant-prod/sabo_lit/sandbox/live/prop_orders_2026-05-22.csv
[2026-05-23T13:01:24+00:00]   | Wrote: /home/runner/work/sabo-quant-prod/sabo-quant-prod/sabo_lit/sandbox/live/prop_signals_2026-05-22.md
[2026-05-23T13:01:24+00:00]   | Wrote: /home/runner/work/sabo-quant-prod/sabo-quant-prod/sabo_lit/sandbox/live/prop_delta_orders_2026-05-22.csv
[2026-05-23T13:01:24+00:00] Market execution check: Saturday FX market closed
[2026-05-23T13:01:24+00:00] INFO: skipping Capital execution: Saturday FX market closed
[2026-05-23T13:01:24+00:00] STEP: live_tracker_refresh → /opt/hostedtoolcache/Python/3.12.13/x64/bin/python live_tracker.py
[2026-05-23T13:01:24+00:00]   | Trades logged so far: 1
[2026-05-23T13:01:24+00:00]   | Daily P&L logged so far: 2
[2026-05-23T13:01:24+00:00]   | Active alerts: 0
[2026-05-23T13:01:24+00:00]   | Dashboard: /home/runner/work/sabo-quant-prod/sabo-quant-prod/sabo_lit/sandbox/live/tracker_dashboard.md
[2026-05-23T13:01:24+00:00]   | Alerts JSON: /home/runner/work/sabo-quant-prod/sabo-quant-prod/sabo_lit/sandbox/live/tracker_alerts.json
[2026-05-23T13:01:25+00:00] Account snapshot: bal=91000.00 EURd avail=91000.00 pl=+0.00
[2026-05-23T13:01:25+00:00] STEP: dashboard_generator → /opt/hostedtoolcache/Python/3.12.13/x64/bin/python dashboard_generator.py
[2026-05-23T13:01:25+00:00]   | Dashboard written: /home/runner/work/sabo-quant-prod/sabo-quant-prod/sabo_lit/sandbox/live/dashboard.html
[2026-05-23T13:01:25+00:00]   |   Signals: True, Daily ops: True, Snapshots: 6, Executions: 78
[2026-05-23T13:01:25+00:00] STEP: telegram_notify → /opt/hostedtoolcache/Python/3.12.13/x64/bin/python telegram_notifier.py --run-summary --status success
[2026-05-23T13:01:30+00:00]   | Sent. message_id=2
[2026-05-23T13:01:30+00:00] Automated daily runner completed successfully
[2026-05-23T13:01:30+00:00] ============================================================
[2026-05-23T13:03:47+00:00] ============================================================
[2026-05-23T13:03:47+00:00] Automated daily runner started
[2026-05-23T13:03:47+00:00] Capital env=demo
[2026-05-23T13:03:47+00:00] Logged in. account_id=321896722115941534 currency=EUR
[2026-05-23T13:03:47+00:00] Account snapshot: bal=91000.00 EURd avail=91000.00 pl=+0.00
[2026-05-23T13:03:47+00:00] Fetching fresh daily candles from Capital.com...
[2026-05-23T13:03:48+00:00]   BOOTSTRAP: created eurusd-m5-bid-2019-01-01-2026-01-01.csv with 200 bars
[2026-05-23T13:03:48+00:00]   EURUSD (EURUSD): fetched 200 bars, appended 200
[2026-05-23T13:03:49+00:00]   BOOTSTRAP: created gbpusd-m5-bid-2019-01-01-2026-01-01.csv with 200 bars
[2026-05-23T13:03:49+00:00]   GBPUSD (GBPUSD): fetched 200 bars, appended 200
[2026-05-23T13:03:49+00:00]   BOOTSTRAP: created usdjpy-m5-bid-2019-01-01-2026-01-01.csv with 200 bars
[2026-05-23T13:03:49+00:00]   USDJPY (USDJPY): fetched 200 bars, appended 200
[2026-05-23T13:03:50+00:00]   BOOTSTRAP: created audusd-m5-bid-2019-01-01-2026-01-01.csv with 200 bars
[2026-05-23T13:03:50+00:00]   AUDUSD (AUDUSD): fetched 200 bars, appended 200
[2026-05-23T13:03:51+00:00]   BOOTSTRAP: created nzdusd-m5-bid-2019-01-01-2026-01-01.csv with 200 bars
[2026-05-23T13:03:51+00:00]   NZDUSD (NZDUSD): fetched 200 bars, appended 200
[2026-05-23T13:03:52+00:00]   BOOTSTRAP: created usdcad-m5-bid-2019-01-01-2026-01-01.csv with 200 bars
[2026-05-23T13:03:52+00:00]   USDCAD (USDCAD): fetched 200 bars, appended 200
[2026-05-23T13:03:52+00:00] Updated 6/6 pair CSVs
[2026-05-23T13:03:52+00:00] STEP: signal_generator → /opt/hostedtoolcache/Python/3.12.13/x64/bin/python propfirm_signal_generator.py --adaptive
[2026-05-23T13:03:53+00:00]   | WARN: H1 spec H1_NASDAQ_TREND unavailable (empty H1 prices for usatechidxusd); skipping
[2026-05-23T13:03:53+00:00]   | WARN: H1 spec H1_CHFJPY_BREAK unavailable (empty H1 prices for chfjpy); skipping
[2026-05-23T13:03:53+00:00]   | WARN: H1 spec H1_DOW_TSM unavailable (empty H1 prices for usa30idxusd); skipping
[2026-05-23T13:03:53+00:00]   | WARN: composite H1_MULTI missing members ['H1_NASDAQ_TREND', 'H1_CHFJPY_BREAK', 'H1_DOW_TSM']; skipping
[2026-05-23T13:03:53+00:00]   | WARN: composite HYBRID_FX_H1 missing members ['H1_MULTI']; skipping
[2026-05-23T13:03:53+00:00]   | WARNING: TRADING_ECONOMICS_KEY not configured; using hardcoded fallback.
[2026-05-23T13:03:53+00:00]   | As of: 2026-05-22
[2026-05-23T13:03:53+00:00]   | Accounts: 8
[2026-05-23T13:03:53+00:00]   | Orders (target): 39
[2026-05-23T13:03:53+00:00]   | Delta orders (execute): 39
[2026-05-23T13:03:53+00:00]   | Total target gross: $3149362
[2026-05-23T13:03:53+00:00]   | Total delta gross : $3149362
[2026-05-23T13:03:53+00:00]   | Wrote: /home/runner/work/sabo-quant-prod/sabo-quant-prod/sabo_lit/sandbox/live/prop_signals_2026-05-22.json
[2026-05-23T13:03:53+00:00]   | Wrote: /home/runner/work/sabo-quant-prod/sabo-quant-prod/sabo_lit/sandbox/live/prop_orders_2026-05-22.csv
[2026-05-23T13:03:53+00:00]   | Wrote: /home/runner/work/sabo-quant-prod/sabo-quant-prod/sabo_lit/sandbox/live/prop_signals_2026-05-22.md
[2026-05-23T13:03:53+00:00]   | Wrote: /home/runner/work/sabo-quant-prod/sabo-quant-prod/sabo_lit/sandbox/live/prop_delta_orders_2026-05-22.csv
[2026-05-23T13:03:53+00:00] Market execution check: Saturday FX market closed
[2026-05-23T13:03:53+00:00] INFO: skipping Capital execution: Saturday FX market closed
[2026-05-23T13:03:53+00:00] STEP: live_tracker_refresh → /opt/hostedtoolcache/Python/3.12.13/x64/bin/python live_tracker.py
[2026-05-23T13:03:53+00:00]   | Trades logged so far: 1
[2026-05-23T13:03:53+00:00]   | Daily P&L logged so far: 2
[2026-05-23T13:03:53+00:00]   | Active alerts: 0
[2026-05-23T13:03:53+00:00]   | Dashboard: /home/runner/work/sabo-quant-prod/sabo-quant-prod/sabo_lit/sandbox/live/tracker_dashboard.md
[2026-05-23T13:03:53+00:00]   | Alerts JSON: /home/runner/work/sabo-quant-prod/sabo-quant-prod/sabo_lit/sandbox/live/tracker_alerts.json
[2026-05-23T13:03:53+00:00] Account snapshot: bal=91000.00 EURd avail=91000.00 pl=+0.00
[2026-05-23T13:03:53+00:00] STEP: dashboard_generator → /opt/hostedtoolcache/Python/3.12.13/x64/bin/python dashboard_generator.py
[2026-05-23T13:03:53+00:00]   | Dashboard written: /home/runner/work/sabo-quant-prod/sabo-quant-prod/sabo_lit/sandbox/live/dashboard.html
[2026-05-23T13:03:53+00:00]   |   Signals: True, Daily ops: True, Snapshots: 8, Executions: 78
[2026-05-23T13:03:53+00:00] STEP: telegram_notify → /opt/hostedtoolcache/Python/3.12.13/x64/bin/python telegram_notifier.py --run-summary --status success
[2026-05-23T13:03:54+00:00]   | Sent. message_id=3
[2026-05-23T13:03:54+00:00] Automated daily runner completed successfully
[2026-05-23T13:03:54+00:00] ============================================================
[2026-05-23T16:48:33+00:00] ============================================================
[2026-05-23T16:48:33+00:00] Automated daily runner started
[2026-05-23T16:48:33+00:00] Capital env=demo
[2026-05-23T16:48:34+00:00] Logged in. account_id=321896722115941534 currency=EUR
[2026-05-23T16:48:35+00:00] Account snapshot: bal=91000.00 EURd avail=91000.00 pl=+0.00
[2026-05-23T16:48:35+00:00] Fetching fresh daily candles from Capital.com...
[2026-05-23T16:48:35+00:00]   BOOTSTRAP: created eurusd-m5-bid-2019-01-01-2026-01-01.csv with 200 bars
[2026-05-23T16:48:35+00:00]   EURUSD (EURUSD): fetched 200 bars, appended 200
[2026-05-23T16:48:36+00:00]   BOOTSTRAP: created gbpusd-m5-bid-2019-01-01-2026-01-01.csv with 200 bars
[2026-05-23T16:48:36+00:00]   GBPUSD (GBPUSD): fetched 200 bars, appended 200
[2026-05-23T16:48:37+00:00]   BOOTSTRAP: created usdjpy-m5-bid-2019-01-01-2026-01-01.csv with 200 bars
[2026-05-23T16:48:37+00:00]   USDJPY (USDJPY): fetched 200 bars, appended 200
[2026-05-23T16:48:38+00:00]   BOOTSTRAP: created audusd-m5-bid-2019-01-01-2026-01-01.csv with 200 bars
[2026-05-23T16:48:38+00:00]   AUDUSD (AUDUSD): fetched 200 bars, appended 200
[2026-05-23T16:48:39+00:00]   BOOTSTRAP: created nzdusd-m5-bid-2019-01-01-2026-01-01.csv with 200 bars
[2026-05-23T16:48:39+00:00]   NZDUSD (NZDUSD): fetched 200 bars, appended 200
[2026-05-23T16:48:40+00:00]   BOOTSTRAP: created usdcad-m5-bid-2019-01-01-2026-01-01.csv with 200 bars
[2026-05-23T16:48:40+00:00]   USDCAD (USDCAD): fetched 200 bars, appended 200
[2026-05-23T16:48:40+00:00] Updated 6/6 pair CSVs
[2026-05-23T16:48:40+00:00] STEP: signal_generator → /opt/hostedtoolcache/Python/3.12.13/x64/bin/python propfirm_signal_generator.py --adaptive
[2026-05-23T16:48:41+00:00]   | WARN: H1 spec H1_NASDAQ_TREND unavailable (empty H1 prices for usatechidxusd); skipping
[2026-05-23T16:48:41+00:00]   | WARN: H1 spec H1_CHFJPY_BREAK unavailable (empty H1 prices for chfjpy); skipping
[2026-05-23T16:48:41+00:00]   | WARN: H1 spec H1_DOW_TSM unavailable (empty H1 prices for usa30idxusd); skipping
[2026-05-23T16:48:41+00:00]   | WARN: composite H1_MULTI missing members ['H1_NASDAQ_TREND', 'H1_CHFJPY_BREAK', 'H1_DOW_TSM']; skipping
[2026-05-23T16:48:41+00:00]   | WARN: composite HYBRID_FX_H1 missing members ['H1_MULTI']; skipping
[2026-05-23T16:48:41+00:00]   | WARNING: TRADING_ECONOMICS_KEY not configured; using hardcoded fallback.
[2026-05-23T16:48:41+00:00]   | As of: 2026-05-22
[2026-05-23T16:48:41+00:00]   | Accounts: 8
[2026-05-23T16:48:41+00:00]   | Orders (target): 39
[2026-05-23T16:48:41+00:00]   | Delta orders (execute): 39
[2026-05-23T16:48:41+00:00]   | Total target gross: $3149362
[2026-05-23T16:48:41+00:00]   | Total delta gross : $3149362
[2026-05-23T16:48:41+00:00]   | Wrote: /home/runner/work/sabo-quant-prod/sabo-quant-prod/sabo_lit/sandbox/live/prop_signals_2026-05-22.json
[2026-05-23T16:48:41+00:00]   | Wrote: /home/runner/work/sabo-quant-prod/sabo-quant-prod/sabo_lit/sandbox/live/prop_orders_2026-05-22.csv
[2026-05-23T16:48:41+00:00]   | Wrote: /home/runner/work/sabo-quant-prod/sabo-quant-prod/sabo_lit/sandbox/live/prop_signals_2026-05-22.md
[2026-05-23T16:48:41+00:00]   | Wrote: /home/runner/work/sabo-quant-prod/sabo-quant-prod/sabo_lit/sandbox/live/prop_delta_orders_2026-05-22.csv
[2026-05-23T16:48:41+00:00] Market execution check: Saturday FX market closed
[2026-05-23T16:48:41+00:00] INFO: skipping Capital execution: Saturday FX market closed
[2026-05-23T16:48:41+00:00] STEP: live_tracker_refresh → /opt/hostedtoolcache/Python/3.12.13/x64/bin/python live_tracker.py
[2026-05-23T16:48:41+00:00]   | Trades logged so far: 1
[2026-05-23T16:48:41+00:00]   | Daily P&L logged so far: 2
[2026-05-23T16:48:41+00:00]   | Active alerts: 0
[2026-05-23T16:48:41+00:00]   | Dashboard: /home/runner/work/sabo-quant-prod/sabo-quant-prod/sabo_lit/sandbox/live/tracker_dashboard.md
[2026-05-23T16:48:41+00:00]   | Alerts JSON: /home/runner/work/sabo-quant-prod/sabo-quant-prod/sabo_lit/sandbox/live/tracker_alerts.json
[2026-05-23T16:48:41+00:00] Account snapshot: bal=91000.00 EURd avail=91000.00 pl=+0.00
[2026-05-23T16:48:41+00:00] STEP: dashboard_generator → /opt/hostedtoolcache/Python/3.12.13/x64/bin/python dashboard_generator.py
[2026-05-23T16:48:41+00:00]   | Dashboard written: /home/runner/work/sabo-quant-prod/sabo-quant-prod/sabo_lit/sandbox/live/dashboard.html
[2026-05-23T16:48:41+00:00]   |   Signals: True, Daily ops: True, Snapshots: 10, Executions: 78
[2026-05-23T16:48:41+00:00] STEP: telegram_notify → /opt/hostedtoolcache/Python/3.12.13/x64/bin/python telegram_notifier.py --run-summary --status success
[2026-05-23T16:48:42+00:00]   | Sent. message_id=4
[2026-05-23T16:48:42+00:00] Automated daily runner completed successfully
[2026-05-23T16:48:42+00:00] ============================================================
[2026-05-23T17:05:57+00:00] ============================================================
[2026-05-23T17:05:57+00:00] Automated daily runner started
[2026-05-23T17:05:57+00:00] Capital env=demo
[2026-05-23T17:05:57+00:00] Logged in. account_id=321896722115941534 currency=EUR
[2026-05-23T17:05:58+00:00] Account snapshot: bal=91000.00 EURd avail=91000.00 pl=+0.00
[2026-05-23T17:05:58+00:00] Fetching fresh daily candles from Capital.com...
[2026-05-23T17:05:58+00:00]   EURUSD (EURUSD): fetched 200 bars, appended 0
[2026-05-23T17:05:59+00:00]   GBPUSD (GBPUSD): fetched 200 bars, appended 0
[2026-05-23T17:06:00+00:00]   USDJPY (USDJPY): fetched 200 bars, appended 0
[2026-05-23T17:06:01+00:00]   AUDUSD (AUDUSD): fetched 200 bars, appended 0
[2026-05-23T17:06:02+00:00]   NZDUSD (NZDUSD): fetched 200 bars, appended 0
[2026-05-23T17:06:03+00:00]   USDCAD (USDCAD): fetched 200 bars, appended 0
[2026-05-23T17:06:03+00:00] Updated 0/6 pair CSVs
[2026-05-23T17:06:03+00:00] STEP: signal_generator → /opt/hostedtoolcache/Python/3.12.13/x64/bin/python propfirm_signal_generator.py --adaptive
[2026-05-23T17:06:04+00:00]   | WARN: H1 spec H1_NASDAQ_TREND unavailable (empty H1 prices for usatechidxusd); skipping
[2026-05-23T17:06:04+00:00]   | WARN: H1 spec H1_CHFJPY_BREAK unavailable (empty H1 prices for chfjpy); skipping
[2026-05-23T17:06:04+00:00]   | WARN: H1 spec H1_DOW_TSM unavailable (empty H1 prices for usa30idxusd); skipping
[2026-05-23T17:06:04+00:00]   | WARN: composite H1_MULTI missing members ['H1_NASDAQ_TREND', 'H1_CHFJPY_BREAK', 'H1_DOW_TSM']; skipping
[2026-05-23T17:06:04+00:00]   | WARN: composite HYBRID_FX_H1 missing members ['H1_MULTI']; skipping
[2026-05-23T17:06:04+00:00]   | As of: 2026-05-22
[2026-05-23T17:06:04+00:00]   | Accounts: 8
[2026-05-23T17:06:04+00:00]   | Orders (target): 39
[2026-05-23T17:06:04+00:00]   | Delta orders (execute): 39
[2026-05-23T17:06:04+00:00]   | Total target gross: $3149362
[2026-05-23T17:06:04+00:00]   | Total delta gross : $3149362
[2026-05-23T17:06:04+00:00]   | Wrote: /home/runner/work/sabo-quant-prod/sabo-quant-prod/sabo_lit/sandbox/live/prop_signals_2026-05-22.json
[2026-05-23T17:06:04+00:00]   | Wrote: /home/runner/work/sabo-quant-prod/sabo-quant-prod/sabo_lit/sandbox/live/prop_orders_2026-05-22.csv
[2026-05-23T17:06:04+00:00]   | Wrote: /home/runner/work/sabo-quant-prod/sabo-quant-prod/sabo_lit/sandbox/live/prop_signals_2026-05-22.md
[2026-05-23T17:06:04+00:00]   | Wrote: /home/runner/work/sabo-quant-prod/sabo-quant-prod/sabo_lit/sandbox/live/prop_delta_orders_2026-05-22.csv
[2026-05-23T17:06:04+00:00] Market execution check: Saturday FX market closed
[2026-05-23T17:06:04+00:00] INFO: skipping Capital execution: Saturday FX market closed
[2026-05-23T17:06:04+00:00] STEP: live_tracker_refresh → /opt/hostedtoolcache/Python/3.12.13/x64/bin/python live_tracker.py
[2026-05-23T17:06:04+00:00]   | Trades logged so far: 1
[2026-05-23T17:06:04+00:00]   | Daily P&L logged so far: 2
[2026-05-23T17:06:04+00:00]   | Active alerts: 0
[2026-05-23T17:06:04+00:00]   | Dashboard: /home/runner/work/sabo-quant-prod/sabo-quant-prod/sabo_lit/sandbox/live/tracker_dashboard.md
[2026-05-23T17:06:04+00:00]   | Alerts JSON: /home/runner/work/sabo-quant-prod/sabo-quant-prod/sabo_lit/sandbox/live/tracker_alerts.json
[2026-05-23T17:06:04+00:00] Account snapshot: bal=91000.00 EURd avail=91000.00 pl=+0.00
[2026-05-23T17:06:05+00:00] Wrote account_state.json: positions=0 bal=91000.00 env=demo
[2026-05-23T17:06:05+00:00] STEP: dashboard_generator → /opt/hostedtoolcache/Python/3.12.13/x64/bin/python dashboard_generator.py
[2026-05-23T17:06:05+00:00]   | Dashboard written: /home/runner/work/sabo-quant-prod/sabo-quant-prod/sabo_lit/sandbox/live/dashboard.html
[2026-05-23T17:06:05+00:00]   |   Signals: True, Daily ops: True, Snapshots: 1, Executions: 78
[2026-05-23T17:06:05+00:00] STEP: telegram_notify → /opt/hostedtoolcache/Python/3.12.13/x64/bin/python telegram_notifier.py --run-summary --status success
[2026-05-23T17:06:06+00:00]   | Sent. message_id=5
[2026-05-23T17:06:06+00:00] Automated daily runner completed successfully
[2026-05-23T17:06:06+00:00] ============================================================
[2026-05-23T17:22:12+00:00] ============================================================
[2026-05-23T17:22:12+00:00] Automated daily runner started
[2026-05-23T17:22:12+00:00] Capital env=demo
[2026-05-23T17:22:13+00:00] Logged in. account_id=321896722115941534 currency=EUR
[2026-05-23T17:22:14+00:00] Account snapshot: bal=91000.00 EURd avail=91000.00 pl=+0.00
[2026-05-23T17:22:14+00:00] Fetching fresh daily candles from Capital.com...
[2026-05-23T17:22:14+00:00]   EURUSD (EURUSD): fetched 200 bars, appended 0
[2026-05-23T17:22:15+00:00]   GBPUSD (GBPUSD): fetched 200 bars, appended 0
[2026-05-23T17:22:16+00:00]   USDJPY (USDJPY): fetched 200 bars, appended 0
[2026-05-23T17:22:17+00:00]   AUDUSD (AUDUSD): fetched 200 bars, appended 0
[2026-05-23T17:22:18+00:00]   NZDUSD (NZDUSD): fetched 200 bars, appended 0
[2026-05-23T17:22:19+00:00]   USDCAD (USDCAD): fetched 200 bars, appended 0
[2026-05-23T17:22:19+00:00] Updated 0/6 pair CSVs
[2026-05-23T17:22:19+00:00] STEP: signal_generator → /opt/hostedtoolcache/Python/3.12.13/x64/bin/python propfirm_signal_generator.py --adaptive
[2026-05-23T17:22:20+00:00]   | WARN: H1 spec H1_NASDAQ_TREND unavailable (empty H1 prices for usatechidxusd); skipping
[2026-05-23T17:22:20+00:00]   | WARN: H1 spec H1_CHFJPY_BREAK unavailable (empty H1 prices for chfjpy); skipping
[2026-05-23T17:22:20+00:00]   | WARN: H1 spec H1_DOW_TSM unavailable (empty H1 prices for usa30idxusd); skipping
[2026-05-23T17:22:20+00:00]   | WARN: composite H1_MULTI missing members ['H1_NASDAQ_TREND', 'H1_CHFJPY_BREAK', 'H1_DOW_TSM']; skipping
[2026-05-23T17:22:20+00:00]   | WARN: composite HYBRID_FX_H1 missing members ['H1_MULTI']; skipping
[2026-05-23T17:22:20+00:00]   | As of: 2026-05-22
[2026-05-23T17:22:20+00:00]   | Accounts: 8
[2026-05-23T17:22:20+00:00]   | Orders (target): 39
[2026-05-23T17:22:20+00:00]   | Delta orders (execute): 39
[2026-05-23T17:22:20+00:00]   | Total target gross: $3149362
[2026-05-23T17:22:20+00:00]   | Total delta gross : $3149362
[2026-05-23T17:22:20+00:00]   | Wrote: /home/runner/work/sabo-quant-prod/sabo-quant-prod/sabo_lit/sandbox/live/prop_signals_2026-05-22.json
[2026-05-23T17:22:20+00:00]   | Wrote: /home/runner/work/sabo-quant-prod/sabo-quant-prod/sabo_lit/sandbox/live/prop_orders_2026-05-22.csv
[2026-05-23T17:22:20+00:00]   | Wrote: /home/runner/work/sabo-quant-prod/sabo-quant-prod/sabo_lit/sandbox/live/prop_signals_2026-05-22.md
[2026-05-23T17:22:20+00:00]   | Wrote: /home/runner/work/sabo-quant-prod/sabo-quant-prod/sabo_lit/sandbox/live/prop_delta_orders_2026-05-22.csv
[2026-05-23T17:22:20+00:00] Position reconciliation: OK (0 deals match)
[2026-05-23T17:22:20+00:00] Market execution check: Saturday FX market closed
[2026-05-23T17:22:21+00:00] Circuit breaker: DD +0.00% within budget
[2026-05-23T17:22:21+00:00] INFO: skipping Capital execution: Saturday FX market closed
[2026-05-23T17:22:21+00:00] STEP: live_tracker_refresh → /opt/hostedtoolcache/Python/3.12.13/x64/bin/python live_tracker.py
[2026-05-23T17:22:21+00:00]   | Trades logged so far: 1
[2026-05-23T17:22:21+00:00]   | Daily P&L logged so far: 2
[2026-05-23T17:22:21+00:00]   | Active alerts: 0
[2026-05-23T17:22:21+00:00]   | Dashboard: /home/runner/work/sabo-quant-prod/sabo-quant-prod/sabo_lit/sandbox/live/tracker_dashboard.md
[2026-05-23T17:22:21+00:00]   | Alerts JSON: /home/runner/work/sabo-quant-prod/sabo-quant-prod/sabo_lit/sandbox/live/tracker_alerts.json
[2026-05-23T17:22:21+00:00] Account snapshot: bal=91000.00 EURd avail=91000.00 pl=+0.00
[2026-05-23T17:22:22+00:00] Wrote account_state.json: positions=0 bal=91000.00 env=demo
[2026-05-23T17:22:22+00:00] STEP: dashboard_generator → /opt/hostedtoolcache/Python/3.12.13/x64/bin/python dashboard_generator.py
[2026-05-23T17:22:22+00:00]   | Dashboard written: /home/runner/work/sabo-quant-prod/sabo-quant-prod/sabo_lit/sandbox/live/dashboard.html
[2026-05-23T17:22:22+00:00]   |   Signals: True, Daily ops: True, Snapshots: 1, Executions: 78
[2026-05-23T17:22:22+00:00] STEP: telegram_notify → /opt/hostedtoolcache/Python/3.12.13/x64/bin/python telegram_notifier.py --run-summary --status success
[2026-05-23T17:22:23+00:00]   | Sent. message_id=6
[2026-05-23T17:22:23+00:00] Automated daily runner completed successfully
[2026-05-23T17:22:23+00:00] ============================================================
